[debug] [2026-05-14T02:54:58.318Z] ----------------------------------------------------------------------
[debug] [2026-05-14T02:54:58.319Z] Command:       /Users/danny/.nvm/versions/node/v20.20.2/bin/node /usr/local/bin/firebase functions:secrets:set GEMINI_AI_KEY_4 --project ecomsai --force
[debug] [2026-05-14T02:54:58.319Z] CLI Version:   14.15.1
[debug] [2026-05-14T02:54:58.320Z] Platform:      darwin
[debug] [2026-05-14T02:54:58.320Z] Node Version:  v20.20.2
[debug] [2026-05-14T02:54:58.320Z] Time:          Thu May 14 2026 08:24:58 GMT+0530 (India Standard Time)
[debug] [2026-05-14T02:54:58.320Z] ----------------------------------------------------------------------
[debug] 
[debug] [2026-05-14T02:54:58.321Z] >>> [apiv2][query] GET https://firebase-public.firebaseio.com/cli.json [none]
[debug] [2026-05-14T02:54:58.459Z] Object "/emulators/functions" in "firebase.json" has unknown property: {"additionalProperty":"network"}
[debug] [2026-05-14T02:54:58.462Z] > command requires scopes: ["email","openid","https://www.googleapis.com/auth/cloudplatformprojects.readonly","https://www.googleapis.com/auth/firebase","https://www.googleapis.com/auth/cloud-platform"]
[debug] [2026-05-14T02:54:58.589Z] Running auto auth
[debug] [2026-05-14T02:54:58.589Z] No OAuth tokens found
[debug] [2026-05-14T02:54:58.589Z] >>> [apiv2][query] GET https://serviceusage.googleapis.com/v1/projects/ecomsai/services/secretmanager.googleapis.com [none]
[debug] [2026-05-14T02:54:58.590Z] >>> [apiv2][(partial)header] GET https://serviceusage.googleapis.com/v1/projects/ecomsai/services/secretmanager.googleapis.com x-goog-quota-user=projects/ecomsai
[debug] [2026-05-14T02:54:59.116Z] <<< [apiv2][status] GET https://firebase-public.firebaseio.com/cli.json 200
[debug] [2026-05-14T02:54:59.117Z] <<< [apiv2][body] GET https://firebase-public.firebaseio.com/cli.json {"cloudBuildErrorAfter":1594252800000,"cloudBuildWarnAfter":1590019200000,"defaultNode10After":1594252800000,"minVersion":"3.0.5","node8DeploysDisabledAfter":1613390400000,"node8RuntimeDisabledAfter":1615809600000,"node8WarnAfter":1600128000000}
[debug] [2026-05-14T02:55:00.457Z] <<< [apiv2][status] GET https://serviceusage.googleapis.com/v1/projects/ecomsai/services/secretmanager.googleapis.com 200
[debug] [2026-05-14T02:55:00.457Z] <<< [apiv2][body] GET https://serviceusage.googleapis.com/v1/projects/ecomsai/services/secretmanager.googleapis.com [omitted]
[debug] [2026-05-14T02:55:00.463Z] > command requires scopes: ["email","openid","https://www.googleapis.com/auth/cloudplatformprojects.readonly","https://www.googleapis.com/auth/firebase","https://www.googleapis.com/auth/cloud-platform"]
[debug] [2026-05-14T02:55:00.464Z] Running auto auth
[debug] [2026-05-14T02:55:00.464Z] [iam] checking project ecomsai for permissions ["firebase.projects.get","secretmanager.secrets.create","secretmanager.secrets.get","secretmanager.secrets.update","secretmanager.versions.add"]
[debug] [2026-05-14T02:55:00.465Z] No OAuth tokens found
[debug] [2026-05-14T02:55:00.465Z] >>> [apiv2][query] POST https://cloudresourcemanager.googleapis.com/v1/projects/ecomsai:testIamPermissions [none]
[debug] [2026-05-14T02:55:00.465Z] >>> [apiv2][(partial)header] POST https://cloudresourcemanager.googleapis.com/v1/projects/ecomsai:testIamPermissions x-goog-quota-user=projects/ecomsai
[debug] [2026-05-14T02:55:00.465Z] >>> [apiv2][body] POST https://cloudresourcemanager.googleapis.com/v1/projects/ecomsai:testIamPermissions {"permissions":["firebase.projects.get","secretmanager.secrets.create","secretmanager.secrets.get","secretmanager.secrets.update","secretmanager.versions.add"]}
[debug] [2026-05-14T02:55:01.856Z] <<< [apiv2][status] POST https://cloudresourcemanager.googleapis.com/v1/projects/ecomsai:testIamPermissions 200
[debug] [2026-05-14T02:55:01.856Z] <<< [apiv2][body] POST https://cloudresourcemanager.googleapis.com/v1/projects/ecomsai:testIamPermissions {"permissions":["firebase.projects.get","secretmanager.secrets.create","secretmanager.secrets.get","secretmanager.secrets.update","secretmanager.versions.add"]}
[debug] [2026-05-14T02:55:01.856Z] No OAuth tokens found
[debug] [2026-05-14T02:55:01.856Z] >>> [apiv2][query] GET https://serviceusage.googleapis.com/v1/projects/ecomsai/services/cloudresourcemanager.googleapis.com [none]
[debug] [2026-05-14T02:55:01.856Z] >>> [apiv2][(partial)header] GET https://serviceusage.googleapis.com/v1/projects/ecomsai/services/cloudresourcemanager.googleapis.com x-goog-quota-user=projects/ecomsai
[debug] [2026-05-14T02:55:02.281Z] <<< [apiv2][status] GET https://serviceusage.googleapis.com/v1/projects/ecomsai/services/cloudresourcemanager.googleapis.com 200
[debug] [2026-05-14T02:55:02.281Z] <<< [apiv2][body] GET https://serviceusage.googleapis.com/v1/projects/ecomsai/services/cloudresourcemanager.googleapis.com [omitted]
[debug] [2026-05-14T02:55:02.291Z] No OAuth tokens found
[debug] [2026-05-14T02:55:02.291Z] >>> [apiv2][query] GET https://cloudresourcemanager.googleapis.com/v1/projects/ecomsai [none]
[debug] [2026-05-14T02:55:02.592Z] <<< [apiv2][status] GET https://cloudresourcemanager.googleapis.com/v1/projects/ecomsai 200
[debug] [2026-05-14T02:55:02.592Z] <<< [apiv2][body] GET https://cloudresourcemanager.googleapis.com/v1/projects/ecomsai {"projectNumber":"461236130629","projectId":"ecomsai","lifecycleState":"ACTIVE","name":"ecomsai","labels":{"firebase":"enabled","generative-language":"enabled"},"createTime":"2023-10-22T17:01:09.134724Z"}
[debug] [2026-05-14T02:55:02.593Z] No OAuth tokens found
[debug] [2026-05-14T02:55:02.593Z] >>> [apiv2][query] GET https://secretmanager.googleapis.com/v1/projects/ecomsai/secrets/GEMINI_AI_KEY_4 [none]
[debug] [2026-05-14T02:55:03.027Z] <<< [apiv2][status] GET https://secretmanager.googleapis.com/v1/projects/ecomsai/secrets/GEMINI_AI_KEY_4 404
[debug] [2026-05-14T02:55:03.027Z] <<< [apiv2][body] GET https://secretmanager.googleapis.com/v1/projects/ecomsai/secrets/GEMINI_AI_KEY_4 {"error":{"code":404,"message":"Secret [projects/461236130629/secrets/GEMINI_AI_KEY_4] not found.","status":"NOT_FOUND"}}
[debug] [2026-05-14T02:55:03.027Z] No OAuth tokens found
[debug] [2026-05-14T02:55:03.028Z] >>> [apiv2][query] POST https://secretmanager.googleapis.com/v1/projects/ecomsai/secrets secretId=GEMINI_AI_KEY_4
[debug] [2026-05-14T02:55:03.028Z] >>> [apiv2][body] POST https://secretmanager.googleapis.com/v1/projects/ecomsai/secrets {"name":"GEMINI_AI_KEY_4","replication":{"automatic":{}},"labels":{"firebase-managed":"functions"}}
