Input #0, mov,mp4,m4a,3gp,3g2,mj2, from 'deliverables/menulist-owner-ease-30s-v1.16.mp4':
  Metadata:
    major_brand     : isom
    minor_version   : 512
    compatible_brands: isomiso2avc1mp41
    encoder         : Lavf61.7.100
  Duration: 00:00:30.04, start: 0.000000, bitrate: 1726 kb/s
  Stream #0:0[0x1](und): Video: h264 (High) (avc1 / 0x31637661), yuv420p(tv, bt709, progressive), 1080x1920 [SAR 1:1 DAR 9:16], 1521 kb/s, 30 fps, 30 tbr, 15360 tbn (default)
      Metadata:
        handler_name    : VideoHandler
        vendor_id       : [0][0][0][0]
        encoder         : Lavc61.19.100 libx264
  Stream #0:1[0x2](und): Audio: aac (LC) (mp4a / 0x6134706D), 48000 Hz, stereo, fltp, 200 kb/s (default)
      Metadata:
        handler_name    : SoundHandler
        vendor_id       : [0][0][0][0]
Stream mapping:
  Stream #0:1 -> #0:0 (aac (native) -> pcm_s16le (native))
Press [q] to stop, [?] for help
[Parsed_ebur128_0 @ 0x7ff5c6208080] t: 0.0999792  TARGET:-23 LUFS    M:-120.7 S:-120.7     I: -70.0 LUFS       LRA:   0.0 LU  FTPK: -41.9 -41.8 dBFS  TPK: -41.9 -41.8 dBFS
Output #0, null, to 'pipe:':
  Metadata:
    major_brand     : isom
    minor_version   : 512
    compatible_brands: isomiso2avc1mp41
    encoder         : Lavf61.7.100
  Stream #0:0(und): Audio: pcm_s16le, 48000 Hz, stereo, s16, 1536 kb/s (default)
      Metadata:
        handler_name    : SoundHandler
        vendor_id       : [0][0][0][0]
        encoder         : Lavc61.19.100 pcm_s16le
[Parsed_ebur128_0 @ 0x7ff5c6208080] t: 0.199979   TARGET:-23 LUFS    M:-120.7 S:-120.7     I: -70.0 LUFS       LRA:   0.0 LU  FTPK: -28.1 -28.1 dBFS  TPK: -28.1 -28.1 dBFS
[Parsed_ebur128_0 @ 0x7ff5c6208080] t: 0.299979   TARGET:-23 LUFS    M:-120.7 S:-120.7     I: -70.0 LUFS       LRA:   0.0 LU  FTPK:  -6.8  -6.8 dBFS  TPK:  -6.8  -6.8 dBFS
[Parsed_ebur128_0 @ 0x7ff5c6208080] t: 0.399979   TARGET:-23 LUFS    M: -17.5 S:-120.7     I: -17.5 LUFS       LRA:   0.0 LU  FTPK:  -5.8  -5.7 dBFS  TPK:  -5.8  -5.7 dBFS
[Parsed_ebur128_0 @ 0x7ff5c6208080] t: 0.499979   TARGET:-23 LUFS    M: -15.0 S:-120.7     I: -16.1 LUFS       LRA:   0.0 LU  FTPK:  -7.4  -7.4 dBFS  TPK:  -5.8  -5.7 dBFS
[Parsed_ebur128_0 @ 0x7ff5c6208080] t: 0.599979   TARGET:-23 LUFS    M: -13.5 S:-120.7     I: -15.1 LUFS       LRA:   0.0 LU  FTPK:  -8.8  -8.8 dBFS  TPK:  -5.8  -5.7 dBFS
[Parsed_ebur128_0 @ 0x7ff5c6208080] t: 0.699979   TARGET:-23 LUFS    M: -12.5 S:-120.7     I: -14.3 LUFS       LRA:   0.0 LU  FTPK:  -7.6  -7.6 dBFS  TPK:  -5.8  -5.7 dBFS
[Parsed_ebur128_0 @ 0x7ff5c6208080] t: 0.799979   TARGET:-23 LUFS    M: -13.6 S:-120.7     I: -14.1 LUFS       LRA:   0.0 LU  FTPK: -14.2 -14.2 dBFS  TPK:  -5.8  -5.7 dBFS
[Parsed_ebur128_0 @ 0x7ff5c6208080] t: 0.899979   TARGET:-23 LUFS    M: -14.7 S:-120.7     I: -14.2 LUFS       LRA:   0.0 LU  FTPK:  -8.4  -8.4 dBFS  TPK:  -5.8  -5.7 dBFS
[Parsed_ebur128_0 @ 0x7ff5c6208080] t: 0.999979   TARGET:-23 LUFS    M: -16.3 S:-120.7     I: -14.5 LUFS       LRA:   0.0 LU  FTPK:  -9.2  -9.2 dBFS  TPK:  -5.8  -5.7 dBFS
[Parsed_ebur128_0 @ 0x7ff5c6208080] t: 1.099979   TARGET:-23 LUFS    M: -17.9 S:-120.7     I: -14.8 LUFS       LRA:   0.0 LU  FTPK:  -6.4  -6.6 dBFS  TPK:  -5.8  -5.7 dBFS
[Parsed_ebur128_0 @ 0x7ff5c6208080] t: 1.199979   TARGET:-23 LUFS    M: -15.5 S:-120.7     I: -14.9 LUFS       LRA:   0.0 LU  FTPK:  -8.0  -8.0 dBFS  TPK:  -5.8  -5.7 dBFS
[Parsed_ebur128_0 @ 0x7ff5c6208080] t: 1.299979   TARGET:-23 LUFS    M: -16.1 S:-120.7     I: -15.0 LUFS       LRA:   0.0 LU  FTPK: -17.6 -17.6 dBFS  TPK:  -5.8  -5.7 dBFS
[Parsed_ebur128_0 @ 0x7ff5c6208080] t: 1.399979   TARGET:-23 LUFS    M: -15.0 S:-120.7     I: -15.0 LUFS       LRA:   0.0 LU  FTPK:  -5.6  -5.6 dBFS  TPK:  -5.6  -5.6 dBFS
[Parsed_ebur128_0 @ 0x7ff5c6208080] t: 1.499979   TARGET:-23 LUFS    M: -15.5 S:-120.7     I: -15.0 LUFS       LRA:   0.0 LU  FTPK:  -7.8  -7.8 dBFS  TPK:  -5.6  -5.6 dBFS
[Parsed_ebur128_0 @ 0x7ff5c6208080] t: 1.599979   TARGET:-23 LUFS    M: -16.5 S:-120.7     I: -15.1 LUFS       LRA:   0.0 LU  FTPK:  -7.7  -7.6 dBFS  TPK:  -5.6  -5.6 dBFS
[Parsed_ebur128_0 @ 0x7ff5c6208080] t: 1.699979   TARGET:-23 LUFS    M: -14.7 S:-120.7     I: -15.1 LUFS       LRA:   0.0 LU  FTPK:  -6.4  -6.4 dBFS  TPK:  -5.6  -5.6 dBFS
[Parsed_ebur128_0 @ 0x7ff5c6208080] t: 1.799979   TARGET:-23 LUFS    M: -15.6 S:-120.7     I: -15.1 LUFS       LRA:   0.0 LU  FTPK:  -5.2  -5.2 dBFS  TPK:  -5.2  -5.2 dBFS
[Parsed_ebur128_0 @ 0x7ff5c6208080] t: 1.899979   TARGET:-23 LUFS    M: -14.5 S:-120.7     I: -15.1 LUFS       LRA:   0.0 LU  FTPK:  -6.0  -6.1 dBFS  TPK:  -5.2  -5.2 dBFS
[Parsed_ebur128_0 @ 0x7ff5c6208080] t: 1.999979   TARGET:-23 LUFS    M: -14.2 S:-120.7     I: -15.0 LUFS       LRA:   0.0 LU  FTPK:  -8.1  -8.1 dBFS  TPK:  -5.2  -5.2 dBFS
[Parsed_ebur128_0 @ 0x7ff5c6208080] t: 2.099979   TARGET:-23 LUFS    M: -14.5 S:-120.7     I: -15.0 LUFS       LRA:   0.0 LU  FTPK:  -7.0  -6.9 dBFS  TPK:  -5.2  -5.2 dBFS
[Parsed_ebur128_0 @ 0x7ff5c6208080] t: 2.199979   TARGET:-23 LUFS    M: -14.8 S:-120.7     I: -15.0 LUFS       LRA:   0.0 LU  FTPK: -12.6 -12.6 dBFS  TPK:  -5.2  -5.2 dBFS
[Parsed_ebur128_0 @ 0x7ff5c6208080] t: 2.299979   TARGET:-23 LUFS    M: -15.3 S:-120.7     I: -15.0 LUFS       LRA:   0.0 LU  FTPK:  -5.4  -5.4 dBFS  TPK:  -5.2  -5.2 dBFS
[Parsed_ebur128_0 @ 0x7ff5c6208080] t: 2.399979   TARGET:-23 LUFS    M: -16.2 S:-120.7     I: -15.0 LUFS       LRA:   0.0 LU  FTPK:  -5.6  -5.6 dBFS  TPK:  -5.2  -5.2 dBFS
[Parsed_ebur128_0 @ 0x7ff5c6208080] t: 2.499979   TARGET:-23 LUFS    M: -17.5 S:-120.7     I: -15.1 LUFS       LRA:   0.0 LU  FTPK:  -7.8  -7.8 dBFS  TPK:  -5.2  -5.2 dBFS
[Parsed_ebur128_0 @ 0x7ff5c6208080] t: 2.599979   TARGET:-23 LUFS    M: -16.7 S:-120.7     I: -15.2 LUFS       LRA:   0.0 LU  FTPK:  -6.9  -6.9 dBFS  TPK:  -5.2  -5.2 dBFS
[Parsed_ebur128_0 @ 0x7ff5c6208080] t: 2.699979   TARGET:-23 LUFS    M: -17.3 S:-120.7     I: -15.3 LUFS       LRA:   0.0 LU  FTPK:  -8.3  -8.3 dBFS  TPK:  -5.2  -5.2 dBFS
[Parsed_ebur128_0 @ 0x7ff5c6208080] t: 2.799979   TARGET:-23 LUFS    M: -16.0 S:-120.7     I: -15.3 LUFS       LRA:   0.0 LU  FTPK:  -7.4  -7.4 dBFS  TPK:  -5.2  -5.2 dBFS
[Parsed_ebur128_0 @ 0x7ff5c6208080] t: 2.899979   TARGET:-23 LUFS    M: -16.1 S:-120.7     I: -15.3 LUFS       LRA:   0.0 LU  FTPK: -10.2 -10.2 dBFS  TPK:  -5.2  -5.2 dBFS
[Parsed_ebur128_0 @ 0x7ff5c6208080] t: 2.999979   TARGET:-23 LUFS    M: -15.7 S: -15.6     I: -15.3 LUFS       LRA:  20.0 LU  FTPK:  -5.5  -5.5 dBFS  TPK:  -5.2  -5.2 dBFS
[Parsed_ebur128_0 @ 0x7ff5c6208080] t: 3.099979   TARGET:-23 LUFS    M: -16.1 S: -15.5     I: -15.4 LUFS       LRA:  20.0 LU  FTPK:  -4.2  -4.2 dBFS  TPK:  -4.2  -4.2 dBFS
[Parsed_ebur128_0 @ 0x7ff5c6208080] t: 3.199979   TARGET:-23 LUFS    M: -17.1 S: -15.4     I: -15.4 LUFS       LRA:  20.1 LU  FTPK:  -4.8  -4.8 dBFS  TPK:  -4.2  -4.2 dBFS
[Parsed_ebur128_0 @ 0x7ff5c6208080] t: 3.299979   TARGET:-23 LUFS    M: -17.6 S: -15.4     I: -15.5 LUFS       LRA:  20.1 LU  FTPK: -24.1 -23.8 dBFS  TPK:  -4.2  -4.2 dBFS
[Parsed_ebur128_0 @ 0x7ff5c6208080] t: 3.399979   TARGET:-23 LUFS    M: -19.7 S: -15.7     I: -15.6 LUFS       LRA:   0.4 LU  FTPK: -22.8 -22.8 dBFS  TPK:  -4.2  -4.2 dBFS
[Parsed_ebur128_0 @ 0x7ff5c6208080] t: 3.499979   TARGET:-23 LUFS    M: -21.4 S: -16.0     I: -15.7 LUFS       LRA:   0.6 LU  FTPK: -14.9 -15.2 dBFS  TPK:  -4.2  -4.2 dBFS
[Parsed_ebur128_0 @ 0x7ff5c6208080] t: 3.599979   TARGET:-23 LUFS    M: -22.2 S: -16.2     I: -15.8 LUFS       LRA:   0.8 LU  FTPK:  -4.7  -4.6 dBFS  TPK:  -4.2  -4.2 dBFS
[Parsed_ebur128_0 @ 0x7ff5c6208080] t: 3.699979   TARGET:-23 LUFS    M: -17.9 S: -16.3     I: -15.8 LUFS       LRA:   1.0 LU  FTPK:  -4.5  -4.5 dBFS  TPK:  -4.2  -4.2 dBFS
[Parsed_ebur128_0 @ 0x7ff5c6208080] t: 3.799979   TARGET:-23 LUFS    M: -17.9 S: -16.3     I: -15.9 LUFS       LRA:   1.0 LU  FTPK: -15.6 -15.6 dBFS  TPK:  -4.2  -4.2 dBFS
[Parsed_ebur128_0 @ 0x7ff5c6208080] t: 3.899979   TARGET:-23 LUFS    M: -15.0 S: -16.0     I: -15.8 LUFS       LRA:   1.0 LU  FTPK:  -4.1  -4.1 dBFS  TPK:  -4.1  -4.1 dBFS
[Parsed_ebur128_0 @ 0x7ff5c6208080] t: 3.999979   TARGET:-23 LUFS    M: -15.0 S: -16.0     I: -15.8 LUFS       LRA:   0.9 LU  FTPK:  -6.1  -6.1 dBFS  TPK:  -4.1  -4.1 dBFS
[Parsed_ebur128_0 @ 0x7ff5c6208080] t: 4.099979   TARGET:-23 LUFS    M: -14.4 S: -15.9     I: -15.8 LUFS       LRA:   0.9 LU  FTPK:  -6.7  -6.7 dBFS  TPK:  -4.1  -4.1 dBFS
[Parsed_ebur128_0 @ 0x7ff5c6208080] t: 4.199979   TARGET:-23 LUFS    M: -13.5 S: -15.9     I: -15.7 LUFS       LRA:   0.9 LU  FTPK:  -5.8  -5.8 dBFS  TPK:  -4.1  -4.1 dBFS
[Parsed_ebur128_0 @ 0x7ff5c6208080] t: 4.299979   TARGET:-23 LUFS    M: -14.6 S: -15.8     I: -15.7 LUFS       LRA:   0.9 LU  FTPK:  -7.1  -7.1 dBFS  TPK:  -4.1  -4.1 dBFS
[Parsed_ebur128_0 @ 0x7ff5c6208080] t: 4.399979   TARGET:-23 LUFS    M: -14.0 S: -15.8     I: -15.6 LUFS       LRA:   0.9 LU  FTPK:  -7.2  -7.2 dBFS  TPK:  -4.1  -4.1 dBFS
[Parsed_ebur128_0 @ 0x7ff5c6208080] t: 4.499979   TARGET:-23 LUFS    M: -14.4 S: -15.7     I: -15.6 LUFS       LRA:   0.9 LU  FTPK:  -5.5  -5.5 dBFS  TPK:  -4.1  -4.1 dBFS
[Parsed_ebur128_0 @ 0x7ff5c6208080] t: 4.599979   TARGET:-23 LUFS    M: -14.5 S: -15.7     I: -15.5 LUFS       LRA:   0.9 LU  FTPK:  -8.2  -8.2 dBFS  TPK:  -4.1  -4.1 dBFS
[Parsed_ebur128_0 @ 0x7ff5c6208080] t: 4.699979   TARGET:-23 LUFS    M: -14.1 S: -15.7     I: -15.5 LUFS       LRA:   0.9 LU  FTPK:  -7.7  -7.7 dBFS  TPK:  -4.1  -4.1 dBFS
[Parsed_ebur128_0 @ 0x7ff5c6208080] t: 4.799979   TARGET:-23 LUFS    M: -14.2 S: -15.6     I: -15.5 LUFS       LRA:   0.9 LU  FTPK:  -7.7  -7.7 dBFS  TPK:  -4.1  -4.1 dBFS
[Parsed_ebur128_0 @ 0x7ff5c6208080] t: 4.899979   TARGET:-23 LUFS    M: -14.5 S: -15.7     I: -15.5 LUFS       LRA:   0.9 LU  FTPK:  -5.9  -5.9 dBFS  TPK:  -4.1  -4.1 dBFS
[Parsed_ebur128_0 @ 0x7ff5c6208080] t: 4.999979   TARGET:-23 LUFS    M: -14.9 S: -15.8     I: -15.4 LUFS       LRA:   0.9 LU  FTPK:  -8.3  -8.3 dBFS  TPK:  -4.1  -4.1 dBFS
[Parsed_ebur128_0 @ 0x7ff5c6208080] t: 5.099979   TARGET:-23 LUFS    M: -14.6 S: -15.7     I: -15.4 LUFS       LRA:   0.9 LU  FTPK:  -3.9  -3.9 dBFS  TPK:  -3.9  -3.9 dBFS
[Parsed_ebur128_0 @ 0x7ff5c6208080] t: 5.199979   TARGET:-23 LUFS    M: -14.6 S: -15.6     I: -15.4 LUFS       LRA:   0.9 LU  FTPK:  -7.7  -7.7 dBFS  TPK:  -3.9  -3.9 dBFS
[Parsed_ebur128_0 @ 0x7ff5c6208080] t: 5.299979   TARGET:-23 LUFS    M: -15.4 S: -15.7     I: -15.4 LUFS       LRA:   0.9 LU  FTPK: -11.7 -11.7 dBFS  TPK:  -3.9  -3.9 dBFS
[Parsed_ebur128_0 @ 0x7ff5c6208080] t: 5.399979   TARGET:-23 LUFS    M: -14.7 S: -15.6     I: -15.4 LUFS       LRA:   0.8 LU  FTPK:  -4.9  -4.9 dBFS  TPK:  -3.9  -3.9 dBFS
[Parsed_ebur128_0 @ 0x7ff5c6208080] t: 5.499979   TARGET:-23 LUFS    M: -16.0 S: -15.6     I: -15.4 LUFS       LRA:   0.8 LU  FTPK:  -6.3  -6.3 dBFS  TPK:  -3.9  -3.9 dBFS
[Parsed_ebur128_0 @ 0x7ff5c6208080] t: 5.599979   TARGET:-23 LUFS    M: -17.8 S: -15.7     I: -15.4 LUFS       LRA:   0.8 LU  FTPK: -23.6 -23.6 dBFS  TPK:  -3.9  -3.9 dBFS
[Parsed_ebur128_0 @ 0x7ff5c6208080] t: 5.699979   TARGET:-23 LUFS    M: -18.3 S: -15.8     I: -15.5 LUFS       LRA:   0.8 LU  FTPK: -11.0 -11.0 dBFS  TPK:  -3.9  -3.9 dBFS
[Parsed_ebur128_0 @ 0x7ff5c6208080] t: 5.799979   TARGET:-23 LUFS    M: -18.9 S: -15.8     I: -15.5 LUFS       LRA:   0.8 LU  FTPK:  -6.6  -6.6 dBFS  TPK:  -3.9  -3.9 dBFS
[Parsed_ebur128_0 @ 0x7ff5c6208080] t: 5.899979   TARGET:-23 LUFS    M: -17.6 S: -15.7     I: -15.5 LUFS       LRA:   0.8 LU  FTPK:  -3.1  -3.1 dBFS  TPK:  -3.1  -3.1 dBFS
[Parsed_ebur128_0 @ 0x7ff5c6208080] t: 5.999979   TARGET:-23 LUFS    M: -16.7 S: -15.8     I: -15.6 LUFS       LRA:   0.7 LU  FTPK:  -8.0  -8.0 dBFS  TPK:  -3.1  -3.1 dBFS
[Parsed_ebur128_0 @ 0x7ff5c6208080] t: 6.099979   TARGET:-23 LUFS    M: -14.4 S: -15.5     I: -15.5 LUFS       LRA:   0.7 LU  FTPK:  -6.8  -6.8 dBFS  TPK:  -3.1  -3.1 dBFS
[Parsed_ebur128_0 @ 0x7ff5c6208080] t: 6.199979   TARGET:-23 LUFS    M: -14.2 S: -15.4     I: -15.5 LUFS       LRA:   0.8 LU  FTPK:  -6.4  -6.4 dBFS  TPK:  -3.1  -3.1 dBFS
[Parsed_ebur128_0 @ 0x7ff5c6208080] t: 6.299979   TARGET:-23 LUFS    M: -15.0 S: -15.4     I: -15.5 LUFS       LRA:   0.8 LU  FTPK:  -9.9  -9.9 dBFS  TPK:  -3.1  -3.1 dBFS
[Parsed_ebur128_0 @ 0x7ff5c6208080] t: 6.399979   TARGET:-23 LUFS    M: -14.4 S: -15.3     I: -15.5 LUFS       LRA:   0.6 LU  FTPK:  -8.2  -8.2 dBFS  TPK:  -3.1  -3.1 dBFS
[Parsed_ebur128_0 @ 0x7ff5c6208080] t: 6.499979   TARGET:-23 LUFS    M: -16.3 S: -15.2     I: -15.5 LUFS       LRA:   0.7 LU  FTPK:  -9.1  -9.1 dBFS  TPK:  -3.1  -3.1 dBFS
[Parsed_ebur128_0 @ 0x7ff5c6208080] t: 6.599979   TARGET:-23 LUFS    M: -16.3 S: -15.1     I: -15.5 LUFS       LRA:   0.8 LU  FTPK:  -7.8  -7.8 dBFS  TPK:  -3.1  -3.1 dBFS
[Parsed_ebur128_0 @ 0x7ff5c6208080] t: 6.699979   TARGET:-23 LUFS    M: -14.9 S: -15.1     I: -15.5 LUFS       LRA:   0.8 LU  FTPK:  -7.3  -7.2 dBFS  TPK:  -3.1  -3.1 dBFS
[Parsed_ebur128_0 @ 0x7ff5c6208080] t: 6.799979   TARGET:-23 LUFS    M: -15.7 S: -15.1     I: -15.5 LUFS       LRA:   0.9 LU  FTPK:  -9.0  -9.1 dBFS  TPK:  -3.1  -3.1 dBFS
[Parsed_ebur128_0 @ 0x7ff5c6208080] t: 6.899979   TARGET:-23 LUFS    M: -16.1 S: -15.4     I: -15.5 LUFS       LRA:   0.9 LU  FTPK: -18.3 -18.6 dBFS  TPK:  -3.1  -3.1 dBFS
[Parsed_ebur128_0 @ 0x7ff5c6208080] t: 6.999979   TARGET:-23 LUFS    M: -18.5 S: -15.4     I: -15.5 LUFS       LRA:   0.9 LU  FTPK: -18.9 -18.4 dBFS  TPK:  -3.1  -3.1 dBFS
[Parsed_ebur128_0 @ 0x7ff5c6208080] t: 7.099979   TARGET:-23 LUFS    M: -23.2 S: -15.7     I: -15.6 LUFS       LRA:   0.9 LU  FTPK: -17.7 -17.1 dBFS  TPK:  -3.1  -3.1 dBFS
[Parsed_ebur128_0 @ 0x7ff5c6208080] t: 7.199979   TARGET:-23 LUFS    M: -24.9 S: -15.9     I: -15.7 LUFS       LRA:   0.9 LU  FTPK: -16.4 -16.3 dBFS  TPK:  -3.1  -3.1 dBFS
[Parsed_ebur128_0 @ 0x7ff5c6208080] t: 7.299979   TARGET:-23 LUFS    M: -20.2 S: -15.9     I: -15.7 LUFS       LRA:   0.9 LU  FTPK:  -5.5  -5.4 dBFS  TPK:  -3.1  -3.1 dBFS
[Parsed_ebur128_0 @ 0x7ff5c6208080] t: 7.399979   TARGET:-23 LUFS    M: -16.5 S: -15.8     I: -15.7 LUFS       LRA:   0.9 LU  FTPK:  -5.4  -5.4 dBFS  TPK:  -3.1  -3.1 dBFS
[Parsed_ebur128_0 @ 0x7ff5c6208080] t: 7.499979   TARGET:-23 LUFS    M: -14.5 S: -15.7     I: -15.7 LUFS       LRA:   0.9 LU  FTPK:  -8.1  -8.1 dBFS  TPK:  -3.1  -3.1 dBFS
[Parsed_ebur128_0 @ 0x7ff5c6208080] t: 7.599979   TARGET:-23 LUFS    M: -13.6 S: -15.7     I: -15.6 LUFS       LRA:   0.9 LU  FTPK:  -6.6  -6.6 dBFS  TPK:  -3.1  -3.1 dBFS
[Parsed_ebur128_0 @ 0x7ff5c6208080] t: 7.699979   TARGET:-23 LUFS    M: -13.4 S: -15.7     I: -15.6 LUFS       LRA:   0.9 LU  FTPK:  -6.7  -6.7 dBFS  TPK:  -3.1  -3.1 dBFS
[Parsed_ebur128_0 @ 0x7ff5c6208080] t: 7.799979   TARGET:-23 LUFS    M: -14.8 S: -15.9     I: -15.6 LUFS       LRA:   0.9 LU  FTPK: -17.5 -17.4 dBFS  TPK:  -3.1  -3.1 dBFS
[Parsed_ebur128_0 @ 0x7ff5c6208080] t: 7.899979   TARGET:-23 LUFS    M: -16.3 S: -16.0     I: -15.6 LUFS       LRA:   0.9 LU  FTPK:  -7.8  -7.8 dBFS  TPK:  -3.1  -3.1 dBFS
[Parsed_ebur128_0 @ 0x7ff5c6208080] t: 7.999979   TARGET:-23 LUFS    M: -15.0 S: -15.7     I: -15.6 LUFS       LRA:   0.8 LU  FTPK:  -6.9  -6.8 dBFS  TPK:  -3.1  -3.1 dBFS
[Parsed_ebur128_0 @ 0x7ff5c6208080] t: 8.099979   TARGET:-23 LUFS    M: -15.1 S: -15.8     I: -15.6 LUFS       LRA:   0.8 LU  FTPK:  -7.3  -7.3 dBFS  TPK:  -3.1  -3.1 dBFS
[Parsed_ebur128_0 @ 0x7ff5c6208080] t: 8.199979   TARGET:-23 LUFS    M: -14.5 S: -15.9     I: -15.6 LUFS       LRA:   0.8 LU  FTPK:  -8.1  -8.2 dBFS  TPK:  -3.1  -3.1 dBFS
[Parsed_ebur128_0 @ 0x7ff5c6208080] t: 8.299979   TARGET:-23 LUFS    M: -13.6 S: -15.7     I: -15.5 LUFS       LRA:   0.8 LU  FTPK:  -7.8  -7.8 dBFS  TPK:  -3.1  -3.1 dBFS
[Parsed_ebur128_0 @ 0x7ff5c6208080] t: 8.399979   TARGET:-23 LUFS    M: -15.3 S: -15.8     I: -15.5 LUFS       LRA:   0.8 LU  FTPK:  -8.5  -8.5 dBFS  TPK:  -3.1  -3.1 dBFS
[Parsed_ebur128_0 @ 0x7ff5c6208080] t: 8.499979   TARGET:-23 LUFS    M: -15.1 S: -15.7     I: -15.5 LUFS       LRA:   0.8 LU  FTPK:  -8.1  -8.1 dBFS  TPK:  -3.1  -3.1 dBFS
[Parsed_ebur128_0 @ 0x7ff5c6208080] t: 8.599979   TARGET:-23 LUFS    M: -15.9 S: -15.7     I: -15.5 LUFS       LRA:   0.8 LU  FTPK:  -8.2  -8.3 dBFS  TPK:  -3.1  -3.1 dBFS
[Parsed_ebur128_0 @ 0x7ff5c6208080] t: 8.699979   TARGET:-23 LUFS    M: -15.4 S: -15.4     I: -15.5 LUFS       LRA:   0.8 LU  FTPK:  -3.4  -3.4 dBFS  TPK:  -3.1  -3.1 dBFS
[Parsed_ebur128_0 @ 0x7ff5c6208080] t: 8.799979   TARGET:-23 LUFS    M: -14.9 S: -15.4     I: -15.5 LUFS       LRA:   0.8 LU  FTPK:  -8.3  -8.3 dBFS  TPK:  -3.1  -3.1 dBFS
[Parsed_ebur128_0 @ 0x7ff5c6208080] t: 8.899979   TARGET:-23 LUFS    M: -16.3 S: -15.6     I: -15.5 LUFS       LRA:   0.8 LU  FTPK: -17.4 -17.4 dBFS  TPK:  -3.1  -3.1 dBFS
[Parsed_ebur128_0 @ 0x7ff5c6208080] t: 8.999979   TARGET:-23 LUFS    M: -15.6 S: -15.6     I: -15.5 LUFS       LRA:   0.8 LU  FTPK:  -4.8  -4.8 dBFS  TPK:  -3.1  -3.1 dBFS
[Parsed_ebur128_0 @ 0x7ff5c6208080] t: 9.099979   TARGET:-23 LUFS    M: -18.8 S: -15.9     I: -15.6 LUFS       LRA:   0.8 LU  FTPK: -16.6 -16.5 dBFS  TPK:  -3.1  -3.1 dBFS
[Parsed_ebur128_0 @ 0x7ff5c6208080] t: 9.199979   TARGET:-23 LUFS    M: -17.5 S: -15.9     I: -15.6 LUFS       LRA:   0.8 LU  FTPK:  -5.7  -5.7 dBFS  TPK:  -3.1  -3.1 dBFS
[Parsed_ebur128_0 @ 0x7ff5c6208080] t: 9.299979   TARGET:-23 LUFS    M: -17.0 S: -15.8     I: -15.6 LUFS       LRA:   0.8 LU  FTPK:  -6.9  -6.9 dBFS  TPK:  -3.1  -3.1 dBFS
[Parsed_ebur128_0 @ 0x7ff5c6208080] t: 9.399979   TARGET:-23 LUFS    M: -17.1 S: -15.9     I: -15.6 LUFS       LRA:   0.8 LU  FTPK:  -7.0  -7.0 dBFS  TPK:  -3.1  -3.1 dBFS
[Parsed_ebur128_0 @ 0x7ff5c6208080] t: 9.499979   TARGET:-23 LUFS    M: -15.7 S: -15.8     I: -15.6 LUFS       LRA:   0.8 LU  FTPK:  -7.8  -7.8 dBFS  TPK:  -3.1  -3.1 dBFS
[Parsed_ebur128_0 @ 0x7ff5c6208080] t: 9.599979   TARGET:-23 LUFS    M: -15.6 S: -15.8     I: -15.6 LUFS       LRA:   0.8 LU  FTPK:  -6.6  -6.6 dBFS  TPK:  -3.1  -3.1 dBFS
[Parsed_ebur128_0 @ 0x7ff5c6208080] t: 9.699979   TARGET:-23 LUFS    M: -14.8 S: -15.8     I: -15.6 LUFS       LRA:   0.8 LU  FTPK:  -7.6  -7.5 dBFS  TPK:  -3.1  -3.1 dBFS
[Parsed_ebur128_0 @ 0x7ff5c6208080] t: 9.799979   TARGET:-23 LUFS    M: -15.2 S: -15.8     I: -15.6 LUFS       LRA:   0.8 LU  FTPK: -10.7 -10.6 dBFS  TPK:  -3.1  -3.1 dBFS
[Parsed_ebur128_0 @ 0x7ff5c6208080] t: 9.899979   TARGET:-23 LUFS    M: -16.5 S: -15.8     I: -15.6 LUFS       LRA:   0.8 LU  FTPK: -17.6 -17.4 dBFS  TPK:  -3.1  -3.1 dBFS
[Parsed_ebur128_0 @ 0x7ff5c6208080] t: 9.999979   TARGET:-23 LUFS    M: -19.3 S: -15.8     I: -15.6 LUFS       LRA:   0.7 LU  FTPK: -17.0 -16.8 dBFS  TPK:  -3.1  -3.1 dBFS
[Parsed_ebur128_0 @ 0x7ff5c6208080] t: 10.099979  TARGET:-23 LUFS    M: -24.3 S: -15.8     I: -15.7 LUFS       LRA:   0.7 LU  FTPK: -15.9 -15.5 dBFS  TPK:  -3.1  -3.1 dBFS
[Parsed_ebur128_0 @ 0x7ff5c6208080] t: 10.199979  TARGET:-23 LUFS    M: -19.6 S: -15.7     I: -15.7 LUFS       LRA:   0.7 LU  FTPK:  -6.3  -6.3 dBFS  TPK:  -3.1  -3.1 dBFS
[Parsed_ebur128_0 @ 0x7ff5c6208080] t: 10.299979  TARGET:-23 LUFS    M: -16.2 S: -15.5     I: -15.7 LUFS       LRA:   0.7 LU  FTPK:  -6.7  -6.7 dBFS  TPK:  -3.1  -3.1 dBFS
[Parsed_ebur128_0 @ 0x7ff5c6208080] t: 10.399979  TARGET:-23 LUFS    M: -14.1 S: -15.5     I: -15.7 LUFS       LRA:   0.7 LU  FTPK:  -4.1  -4.1 dBFS  TPK:  -3.1  -3.1 dBFS
[Parsed_ebur128_0 @ 0x7ff5c6208080] t: 10.499979  TARGET:-23 LUFS    M: -13.8 S: -15.7     I: -15.7 LUFS       LRA:   0.7 LU  FTPK:  -4.9  -4.9 dBFS  TPK:  -3.1  -3.1 dBFS
[Parsed_ebur128_0 @ 0x7ff5c6208080] t: 10.599979  TARGET:-23 LUFS    M: -14.3 S: -15.8     I: -15.6 LUFS       LRA:   0.7 LU  FTPK:  -4.3  -4.4 dBFS  TPK:  -3.1  -3.1 dBFS
[Parsed_ebur128_0 @ 0x7ff5c6208080] t: 10.699979  TARGET:-23 LUFS    M: -14.5 S: -15.7     I: -15.6 LUFS       LRA:   0.7 LU  FTPK:  -3.6  -3.6 dBFS  TPK:  -3.1  -3.1 dBFS
[Parsed_ebur128_0 @ 0x7ff5c6208080] t: 10.799979  TARGET:-23 LUFS    M: -17.0 S: -15.8     I: -15.6 LUFS       LRA:   0.7 LU  FTPK: -13.8 -13.8 dBFS  TPK:  -3.1  -3.1 dBFS
[Parsed_ebur128_0 @ 0x7ff5c6208080] t: 10.899979  TARGET:-23 LUFS    M: -16.3 S: -15.7     I: -15.6 LUFS       LRA:   0.7 LU  FTPK:  -6.3  -6.3 dBFS  TPK:  -3.1  -3.1 dBFS
[Parsed_ebur128_0 @ 0x7ff5c6208080] t: 10.999979  TARGET:-23 LUFS    M: -17.0 S: -16.1     I: -15.7 LUFS       LRA:   0.7 LU  FTPK: -11.9 -11.9 dBFS  TPK:  -3.1  -3.1 dBFS
[Parsed_ebur128_0 @ 0x7ff5c6208080] t: 11.099979  TARGET:-23 LUFS    M: -16.2 S: -15.9     I: -15.7 LUFS       LRA:   0.7 LU  FTPK:  -5.0  -5.0 dBFS  TPK:  -3.1  -3.1 dBFS
[Parsed_ebur128_0 @ 0x7ff5c6208080] t: 11.199979  TARGET:-23 LUFS    M: -14.8 S: -15.8     I: -15.7 LUFS       LRA:   0.7 LU  FTPK:  -7.0  -7.1 dBFS  TPK:  -3.1  -3.1 dBFS
[Parsed_ebur128_0 @ 0x7ff5c6208080] t: 11.299979  TARGET:-23 LUFS    M: -14.4 S: -15.9     I: -15.6 LUFS       LRA:   0.7 LU  FTPK:  -6.6  -6.6 dBFS  TPK:  -3.1  -3.1 dBFS
[Parsed_ebur128_0 @ 0x7ff5c6208080] t: 11.399979  TARGET:-23 LUFS    M: -13.1 S: -15.6     I: -15.6 LUFS       LRA:   0.7 LU  FTPK:  -7.7  -7.7 dBFS  TPK:  -3.1  -3.1 dBFS
[Parsed_ebur128_0 @ 0x7ff5c6208080] t: 11.499979  TARGET:-23 LUFS    M: -13.9 S: -15.7     I: -15.6 LUFS       LRA:   0.7 LU  FTPK:  -7.6  -7.6 dBFS  TPK:  -3.1  -3.1 dBFS
[Parsed_ebur128_0 @ 0x7ff5c6208080] t: 11.599979  TARGET:-23 LUFS    M: -13.3 S: -15.4     I: -15.6 LUFS       LRA:   0.7 LU  FTPK:  -4.6  -4.5 dBFS  TPK:  -3.1  -3.1 dBFS
[Parsed_ebur128_0 @ 0x7ff5c6208080] t: 11.699979  TARGET:-23 LUFS    M: -13.4 S: -15.5     I: -15.5 LUFS       LRA:   0.7 LU  FTPK:  -6.7  -6.7 dBFS  TPK:  -3.1  -3.1 dBFS
[Parsed_ebur128_0 @ 0x7ff5c6208080] t: 11.799979  TARGET:-23 LUFS    M: -14.6 S: -15.6     I: -15.5 LUFS       LRA:   0.7 LU  FTPK: -10.8 -10.8 dBFS  TPK:  -3.1  -3.1 dBFS
[Parsed_ebur128_0 @ 0x7ff5c6208080] t: 11.899979  TARGET:-23 LUFS    M: -15.6 S: -15.6     I: -15.5 LUFS       LRA:   0.7 LU  FTPK: -22.3 -23.7 dBFS  TPK:  -3.1  -3.1 dBFS
[Parsed_ebur128_0 @ 0x7ff5c6208080] t: 11.999979  TARGET:-23 LUFS    M: -18.8 S: -15.7     I: -15.6 LUFS       LRA:   0.6 LU  FTPK: -20.2 -20.1 dBFS  TPK:  -3.1  -3.1 dBFS
[Parsed_ebur128_0 @ 0x7ff5c6208080] t: 12.099979  TARGET:-23 LUFS    M: -19.8 S: -15.6     I: -15.6 LUFS       LRA:   0.6 LU  FTPK:  -6.6  -6.4 dBFS  TPK:  -3.1  -3.1 dBFS
[Parsed_ebur128_0 @ 0x7ff5c6208080] t: 12.199979  TARGET:-23 LUFS    M: -17.1 S: -15.5     I: -15.6 LUFS       LRA:   0.6 LU  FTPK:  -7.2  -7.1 dBFS  TPK:  -3.1  -3.1 dBFS
[Parsed_ebur128_0 @ 0x7ff5c6208080] t: 12.299979  TARGET:-23 LUFS    M: -15.2 S: -15.4     I: -15.6 LUFS       LRA:   0.6 LU  FTPK:  -6.1  -6.1 dBFS  TPK:  -3.1  -3.1 dBFS
[Parsed_ebur128_0 @ 0x7ff5c6208080] t: 12.399979  TARGET:-23 LUFS    M: -13.7 S: -15.2     I: -15.6 LUFS       LRA:   0.6 LU  FTPK:  -7.4  -7.4 dBFS  TPK:  -3.1  -3.1 dBFS
[Parsed_ebur128_0 @ 0x7ff5c6208080] t: 12.499979  TARGET:-23 LUFS    M: -13.4 S: -15.2     I: -15.5 LUFS       LRA:   0.7 LU  FTPK:  -6.6  -6.6 dBFS  TPK:  -3.1  -3.1 dBFS
[Parsed_ebur128_0 @ 0x7ff5c6208080] t: 12.599979  TARGET:-23 LUFS    M: -13.0 S: -15.1     I: -15.5 LUFS       LRA:   0.7 LU  FTPK:  -3.4  -3.4 dBFS  TPK:  -3.1  -3.1 dBFS
[Parsed_ebur128_0 @ 0x7ff5c6208080] t: 12.699979  TARGET:-23 LUFS    M: -13.2 S: -15.1     I: -15.5 LUFS       LRA:   0.7 LU  FTPK:  -6.0  -5.9 dBFS  TPK:  -3.1  -3.1 dBFS
[Parsed_ebur128_0 @ 0x7ff5c6208080] t: 12.799979  TARGET:-23 LUFS    M: -14.1 S: -15.1     I: -15.5 LUFS       LRA:   0.8 LU  FTPK:  -7.7  -7.7 dBFS  TPK:  -3.1  -3.1 dBFS
[Parsed_ebur128_0 @ 0x7ff5c6208080] t: 12.899979  TARGET:-23 LUFS    M: -14.0 S: -14.9     I: -15.5 LUFS       LRA:   0.8 LU  FTPK:  -8.2  -8.1 dBFS  TPK:  -3.1  -3.1 dBFS
[Parsed_ebur128_0 @ 0x7ff5c6208080] t: 12.999979  TARGET:-23 LUFS    M: -15.7 S: -14.8     I: -15.5 LUFS       LRA:   0.8 LU  FTPK: -10.1 -10.1 dBFS  TPK:  -3.1  -3.1 dBFS
[Parsed_ebur128_0 @ 0x7ff5c6208080] t: 13.099979  TARGET:-23 LUFS    M: -17.3 S: -14.8     I: -15.5 LUFS       LRA:   0.8 LU  FTPK: -15.2 -15.1 dBFS  TPK:  -3.1  -3.1 dBFS
[Parsed_ebur128_0 @ 0x7ff5c6208080] t: 13.199979  TARGET:-23 LUFS    M: -18.0 S: -15.0     I: -15.5 LUFS       LRA:   0.9 LU  FTPK: -16.3 -16.2 dBFS  TPK:  -3.1  -3.1 dBFS
[Parsed_ebur128_0 @ 0x7ff5c6208080] t: 13.299979  TARGET:-23 LUFS    M: -17.5 S: -15.0     I: -15.5 LUFS       LRA:   0.9 LU  FTPK:  -2.6  -2.6 dBFS  TPK:  -2.6  -2.6 dBFS
[Parsed_ebur128_0 @ 0x7ff5c6208080] t: 13.399979  TARGET:-23 LUFS    M: -17.8 S: -15.2     I: -15.5 LUFS       LRA:   0.8 LU  FTPK:  -8.5  -8.5 dBFS  TPK:  -2.6  -2.6 dBFS
[Parsed_ebur128_0 @ 0x7ff5c6208080] t: 13.499979  TARGET:-23 LUFS    M: -16.0 S: -15.1     I: -15.5 LUFS       LRA:   0.8 LU  FTPK:  -7.9  -7.9 dBFS  TPK:  -2.6  -2.6 dBFS
[Parsed_ebur128_0 @ 0x7ff5c6208080] t: 13.599979  TARGET:-23 LUFS    M: -15.6 S: -15.2     I: -15.5 LUFS       LRA:   0.8 LU  FTPK:  -6.3  -6.3 dBFS  TPK:  -2.6  -2.6 dBFS
[Parsed_ebur128_0 @ 0x7ff5c6208080] t: 13.699979  TARGET:-23 LUFS    M: -16.4 S: -15.2     I: -15.5 LUFS       LRA:   0.8 LU  FTPK:  -5.4  -5.4 dBFS  TPK:  -2.6  -2.6 dBFS
[Parsed_ebur128_0 @ 0x7ff5c6208080] t: 13.799979  TARGET:-23 LUFS    M: -15.1 S: -15.0     I: -15.5 LUFS       LRA:   0.9 LU  FTPK:  -7.3  -7.2 dBFS  TPK:  -2.6  -2.6 dBFS
[Parsed_ebur128_0 @ 0x7ff5c6208080] t: 13.899979  TARGET:-23 LUFS    M: -16.0 S: -15.1     I: -15.5 LUFS       LRA:   0.9 LU  FTPK:  -9.9  -9.8 dBFS  TPK:  -2.6  -2.6 dBFS
[Parsed_ebur128_0 @ 0x7ff5c6208080] t: 13.999979  TARGET:-23 LUFS    M: -15.1 S: -14.9     I: -15.5 LUFS       LRA:   0.9 LU  FTPK:  -7.2  -7.2 dBFS  TPK:  -2.6  -2.6 dBFS
[Parsed_ebur128_0 @ 0x7ff5c6208080] t: 14.099979  TARGET:-23 LUFS    M: -16.1 S: -15.2     I: -15.5 LUFS       LRA:   0.9 LU  FTPK: -14.8 -14.7 dBFS  TPK:  -2.6  -2.6 dBFS
[Parsed_ebur128_0 @ 0x7ff5c6208080] t: 14.199979  TARGET:-23 LUFS    M: -16.7 S: -15.2     I: -15.5 LUFS       LRA:   0.9 LU  FTPK:  -7.9  -7.9 dBFS  TPK:  -2.6  -2.6 dBFS
[Parsed_ebur128_0 @ 0x7ff5c6208080] t: 14.299979  TARGET:-23 LUFS    M: -16.6 S: -15.4     I: -15.5 LUFS       LRA:   0.9 LU  FTPK:  -6.9  -7.0 dBFS  TPK:  -2.6  -2.6 dBFS
[Parsed_ebur128_0 @ 0x7ff5c6208080] t: 14.399979  TARGET:-23 LUFS    M: -16.4 S: -15.5     I: -15.5 LUFS       LRA:   0.9 LU  FTPK:  -6.2  -6.1 dBFS  TPK:  -2.6  -2.6 dBFS
[Parsed_ebur128_0 @ 0x7ff5c6208080] t: 14.499979  TARGET:-23 LUFS    M: -15.7 S: -15.5     I: -15.6 LUFS       LRA:   0.9 LU  FTPK:  -7.2  -7.2 dBFS  TPK:  -2.6  -2.6 dBFS
[Parsed_ebur128_0 @ 0x7ff5c6208080] t: 14.599979  TARGET:-23 LUFS    M: -17.0 S: -15.8     I: -15.6 LUFS       LRA:   0.9 LU  FTPK: -15.8 -15.6 dBFS  TPK:  -2.6  -2.6 dBFS
[Parsed_ebur128_0 @ 0x7ff5c6208080] t: 14.699979  TARGET:-23 LUFS    M: -17.7 S: -16.0     I: -15.6 LUFS       LRA:   0.9 LU  FTPK: -11.1 -11.6 dBFS  TPK:  -2.6  -2.6 dBFS
[Parsed_ebur128_0 @ 0x7ff5c6208080] t: 14.799979  TARGET:-23 LUFS    M: -21.0 S: -16.0     I: -15.6 LUFS       LRA:   0.9 LU  FTPK: -18.6 -17.8 dBFS  TPK:  -2.6  -2.6 dBFS
[Parsed_ebur128_0 @ 0x7ff5c6208080] t: 14.899979  TARGET:-23 LUFS    M: -24.4 S: -16.0     I: -15.6 LUFS       LRA:   0.9 LU  FTPK: -16.0 -17.1 dBFS  TPK:  -2.6  -2.6 dBFS
[Parsed_ebur128_0 @ 0x7ff5c6208080] t: 14.999979  TARGET:-23 LUFS    M: -17.4 S: -15.7     I: -15.6 LUFS       LRA:   0.9 LU  FTPK:  -5.3  -5.3 dBFS  TPK:  -2.6  -2.6 dBFS
[Parsed_ebur128_0 @ 0x7ff5c6208080] t: 15.099979  TARGET:-23 LUFS    M: -16.2 S: -15.7     I: -15.6 LUFS       LRA:   0.9 LU  FTPK:  -6.1  -6.1 dBFS  TPK:  -2.6  -2.6 dBFS
[Parsed_ebur128_0 @ 0x7ff5c6208080] t: 15.199979  TARGET:-23 LUFS    M: -13.9 S: -15.6     I: -15.6 LUFS       LRA:   0.9 LU  FTPK:  -7.3  -7.3 dBFS  TPK:  -2.6  -2.6 dBFS
[Parsed_ebur128_0 @ 0x7ff5c6208080] t: 15.299979  TARGET:-23 LUFS    M: -12.8 S: -15.5     I: -15.6 LUFS       LRA:   0.9 LU  FTPK:  -7.1  -7.1 dBFS  TPK:  -2.6  -2.6 dBFS
[Parsed_ebur128_0 @ 0x7ff5c6208080] t: 15.399979  TARGET:-23 LUFS    M: -12.7 S: -15.4     I: -15.6 LUFS       LRA:   0.9 LU  FTPK:  -7.0  -7.0 dBFS  TPK:  -2.6  -2.6 dBFS
[Parsed_ebur128_0 @ 0x7ff5c6208080] t: 15.499979  TARGET:-23 LUFS    M: -12.8 S: -15.5     I: -15.5 LUFS       LRA:   0.9 LU  FTPK:  -8.9  -8.9 dBFS  TPK:  -2.6  -2.6 dBFS
[Parsed_ebur128_0 @ 0x7ff5c6208080] t: 15.599979  TARGET:-23 LUFS    M: -14.4 S: -15.9     I: -15.5 LUFS       LRA:   0.9 LU  FTPK:  -5.3  -5.3 dBFS  TPK:  -2.6  -2.6 dBFS
[Parsed_ebur128_0 @ 0x7ff5c6208080] t: 15.699979  TARGET:-23 LUFS    M: -14.8 S: -15.8     I: -15.5 LUFS       LRA:   0.9 LU  FTPK:  -3.8  -3.7 dBFS  TPK:  -2.6  -2.6 dBFS
[Parsed_ebur128_0 @ 0x7ff5c6208080] t: 15.799979  TARGET:-23 LUFS    M: -15.4 S: -15.6     I: -15.5 LUFS       LRA:   0.9 LU  FTPK:  -6.8  -6.9 dBFS  TPK:  -2.6  -2.6 dBFS
[Parsed_ebur128_0 @ 0x7ff5c6208080] t: 15.899979  TARGET:-23 LUFS    M: -15.1 S: -15.7     I: -15.5 LUFS       LRA:   0.9 LU  FTPK:  -3.3  -3.2 dBFS  TPK:  -2.6  -2.6 dBFS
[Parsed_ebur128_0 @ 0x7ff5c6208080] t: 15.999979  TARGET:-23 LUFS    M: -14.5 S: -15.7     I: -15.5 LUFS       LRA:   0.9 LU  FTPK:  -6.2  -6.1 dBFS  TPK:  -2.6  -2.6 dBFS
[Parsed_ebur128_0 @ 0x7ff5c6208080] t: 16.099979  TARGET:-23 LUFS    M: -14.6 S: -15.5     I: -15.5 LUFS       LRA:   0.9 LU  FTPK:  -7.8  -7.9 dBFS  TPK:  -2.6  -2.6 dBFS
[Parsed_ebur128_0 @ 0x7ff5c6208080] t: 16.199979  TARGET:-23 LUFS    M: -14.7 S: -15.3     I: -15.5 LUFS       LRA:   0.9 LU  FTPK:  -8.6  -8.4 dBFS  TPK:  -2.6  -2.6 dBFS
[Parsed_ebur128_0 @ 0x7ff5c6208080] t: 16.299979  TARGET:-23 LUFS    M: -14.4 S: -15.3     I: -15.5 LUFS       LRA:   0.9 LU  FTPK:  -7.8  -7.9 dBFS  TPK:  -2.6  -2.6 dBFS
[Parsed_ebur128_0 @ 0x7ff5c6208080] t: 16.399979  TARGET:-23 LUFS    M: -15.2 S: -15.4     I: -15.5 LUFS       LRA:   0.8 LU  FTPK:  -9.4  -9.3 dBFS  TPK:  -2.6  -2.6 dBFS
[Parsed_ebur128_0 @ 0x7ff5c6208080] t: 16.499979  TARGET:-23 LUFS    M: -14.2 S: -15.2     I: -15.5 LUFS       LRA:   0.8 LU  FTPK:  -6.3  -6.3 dBFS  TPK:  -2.6  -2.6 dBFS
[Parsed_ebur128_0 @ 0x7ff5c6208080] t: 16.599979  TARGET:-23 LUFS    M: -15.0 S: -15.2     I: -15.5 LUFS       LRA:   0.8 LU  FTPK:  -8.2  -8.1 dBFS  TPK:  -2.6  -2.6 dBFS
[Parsed_ebur128_0 @ 0x7ff5c6208080] t: 16.699979  TARGET:-23 LUFS    M: -16.3 S: -15.3     I: -15.5 LUFS       LRA:   0.8 LU  FTPK: -19.6 -19.5 dBFS  TPK:  -2.6  -2.6 dBFS
[Parsed_ebur128_0 @ 0x7ff5c6208080] t: 16.799979  TARGET:-23 LUFS    M: -16.4 S: -15.5     I: -15.5 LUFS       LRA:   0.8 LU  FTPK: -19.3 -19.8 dBFS  TPK:  -2.6  -2.6 dBFS
[Parsed_ebur128_0 @ 0x7ff5c6208080] t: 16.899979  TARGET:-23 LUFS    M: -21.3 S: -15.6     I: -15.5 LUFS       LRA:   0.8 LU  FTPK: -11.1 -11.0 dBFS  TPK:  -2.6  -2.6 dBFS
[Parsed_ebur128_0 @ 0x7ff5c6208080] t: 16.999979  TARGET:-23 LUFS    M: -19.6 S: -15.6     I: -15.5 LUFS       LRA:   0.8 LU  FTPK:  -5.1  -5.1 dBFS  TPK:  -2.6  -2.6 dBFS
[Parsed_ebur128_0 @ 0x7ff5c6208080] t: 17.099979  TARGET:-23 LUFS    M: -17.2 S: -15.4     I: -15.5 LUFS       LRA:   0.8 LU  FTPK:  -8.6  -8.6 dBFS  TPK:  -2.6  -2.6 dBFS
[Parsed_ebur128_0 @ 0x7ff5c6208080] t: 17.199979  TARGET:-23 LUFS    M: -16.3 S: -15.5     I: -15.5 LUFS       LRA:   0.8 LU  FTPK:  -7.0  -7.0 dBFS  TPK:  -2.6  -2.6 dBFS
[Parsed_ebur128_0 @ 0x7ff5c6208080] t: 17.299979  TARGET:-23 LUFS    M: -16.1 S: -15.5     I: -15.5 LUFS       LRA:   0.8 LU  FTPK:  -6.2  -6.3 dBFS  TPK:  -2.6  -2.6 dBFS
[Parsed_ebur128_0 @ 0x7ff5c6208080] t: 17.399979  TARGET:-23 LUFS    M: -14.9 S: -15.4     I: -15.5 LUFS       LRA:   0.8 LU  FTPK:  -5.5  -5.5 dBFS  TPK:  -2.6  -2.6 dBFS
[Parsed_ebur128_0 @ 0x7ff5c6208080] t: 17.499979  TARGET:-23 LUFS    M: -15.5 S: -15.4     I: -15.5 LUFS       LRA:   0.8 LU  FTPK:  -8.3  -8.3 dBFS  TPK:  -2.6  -2.6 dBFS
[Parsed_ebur128_0 @ 0x7ff5c6208080] t: 17.599979  TARGET:-23 LUFS    M: -15.7 S: -15.4     I: -15.5 LUFS       LRA:   0.8 LU  FTPK:  -8.7  -8.6 dBFS  TPK:  -2.6  -2.6 dBFS
[Parsed_ebur128_0 @ 0x7ff5c6208080] t: 17.699979  TARGET:-23 LUFS    M: -14.3 S: -15.1     I: -15.5 LUFS       LRA:   0.8 LU  FTPK:  -4.4  -4.5 dBFS  TPK:  -2.6  -2.6 dBFS
[Parsed_ebur128_0 @ 0x7ff5c6208080] t: 17.799979  TARGET:-23 LUFS    M: -16.2 S: -15.1     I: -15.5 LUFS       LRA:   0.8 LU  FTPK:  -9.8  -9.9 dBFS  TPK:  -2.6  -2.6 dBFS
[Parsed_ebur128_0 @ 0x7ff5c6208080] t: 17.899979  TARGET:-23 LUFS    M: -15.6 S: -15.0     I: -15.5 LUFS       LRA:   0.9 LU  FTPK:  -5.8  -5.7 dBFS  TPK:  -2.6  -2.6 dBFS
[Parsed_ebur128_0 @ 0x7ff5c6208080] t: 17.999979  TARGET:-23 LUFS    M: -15.8 S: -15.2     I: -15.5 LUFS       LRA:   0.8 LU  FTPK: -12.2 -12.2 dBFS  TPK:  -2.6  -2.6 dBFS
[Parsed_ebur128_0 @ 0x7ff5c6208080] t: 18.099979  TARGET:-23 LUFS    M: -16.2 S: -15.1     I: -15.5 LUFS       LRA:   0.8 LU  FTPK:  -6.3  -6.4 dBFS  TPK:  -2.6  -2.6 dBFS
[Parsed_ebur128_0 @ 0x7ff5c6208080] t: 18.199979  TARGET:-23 LUFS    M: -15.0 S: -15.3     I: -15.5 LUFS       LRA:   0.8 LU  FTPK:  -6.9  -6.9 dBFS  TPK:  -2.6  -2.6 dBFS
[Parsed_ebur128_0 @ 0x7ff5c6208080] t: 18.299979  TARGET:-23 LUFS    M: -14.6 S: -15.3     I: -15.5 LUFS       LRA:   0.8 LU  FTPK:  -6.0  -5.9 dBFS  TPK:  -2.6  -2.6 dBFS
[Parsed_ebur128_0 @ 0x7ff5c6208080] t: 18.399979  TARGET:-23 LUFS    M: -14.8 S: -15.6     I: -15.5 LUFS       LRA:   0.8 LU  FTPK: -12.5 -12.5 dBFS  TPK:  -2.6  -2.6 dBFS
[Parsed_ebur128_0 @ 0x7ff5c6208080] t: 18.499979  TARGET:-23 LUFS    M: -15.4 S: -15.6     I: -15.5 LUFS       LRA:   0.8 LU  FTPK:  -4.0  -4.0 dBFS  TPK:  -2.6  -2.6 dBFS
[Parsed_ebur128_0 @ 0x7ff5c6208080] t: 18.599979  TARGET:-23 LUFS    M: -15.3 S: -15.4     I: -15.5 LUFS       LRA:   0.8 LU  FTPK:  -4.6  -4.6 dBFS  TPK:  -2.6  -2.6 dBFS
[Parsed_ebur128_0 @ 0x7ff5c6208080] t: 18.699979  TARGET:-23 LUFS    M: -15.4 S: -15.4     I: -15.5 LUFS       LRA:   0.8 LU  FTPK:  -7.3  -7.2 dBFS  TPK:  -2.6  -2.6 dBFS
[Parsed_ebur128_0 @ 0x7ff5c6208080] t: 18.799979  TARGET:-23 LUFS    M: -14.4 S: -15.5     I: -15.5 LUFS       LRA:   0.8 LU  FTPK:  -8.3  -8.4 dBFS  TPK:  -2.6  -2.6 dBFS
[Parsed_ebur128_0 @ 0x7ff5c6208080] t: 18.899979  TARGET:-23 LUFS    M: -14.2 S: -15.4     I: -15.5 LUFS       LRA:   0.8 LU  FTPK:  -6.1  -6.0 dBFS  TPK:  -2.6  -2.6 dBFS
[Parsed_ebur128_0 @ 0x7ff5c6208080] t: 18.999979  TARGET:-23 LUFS    M: -15.6 S: -15.6     I: -15.5 LUFS       LRA:   0.8 LU  FTPK: -16.6 -16.8 dBFS  TPK:  -2.6  -2.6 dBFS
[Parsed_ebur128_0 @ 0x7ff5c6208080] t: 19.099979  TARGET:-23 LUFS    M: -15.4 S: -15.5     I: -15.5 LUFS       LRA:   0.8 LU  FTPK:  -7.0  -7.2 dBFS  TPK:  -2.6  -2.6 dBFS
[Parsed_ebur128_0 @ 0x7ff5c6208080] t: 19.199979  TARGET:-23 LUFS    M: -14.9 S: -15.5     I: -15.5 LUFS       LRA:   0.8 LU  FTPK:  -5.3  -5.4 dBFS  TPK:  -2.6  -2.6 dBFS
[Parsed_ebur128_0 @ 0x7ff5c6208080] t: 19.299979  TARGET:-23 LUFS    M: -14.6 S: -15.5     I: -15.5 LUFS       LRA:   0.8 LU  FTPK:  -5.4  -5.4 dBFS  TPK:  -2.6  -2.6 dBFS
[Parsed_ebur128_0 @ 0x7ff5c6208080] t: 19.399979  TARGET:-23 LUFS    M: -14.2 S: -15.4     I: -15.5 LUFS       LRA:   0.8 LU  FTPK:  -7.2  -7.1 dBFS  TPK:  -2.6  -2.6 dBFS
[Parsed_ebur128_0 @ 0x7ff5c6208080] t: 19.499979  TARGET:-23 LUFS    M: -15.8 S: -15.8     I: -15.5 LUFS       LRA:   0.8 LU  FTPK: -21.0 -21.0 dBFS  TPK:  -2.6  -2.6 dBFS
[Parsed_ebur128_0 @ 0x7ff5c6208080] t: 19.599979  TARGET:-23 LUFS    M: -17.1 S: -15.8     I: -15.5 LUFS       LRA:   0.8 LU  FTPK:  -7.4  -7.3 dBFS  TPK:  -2.6  -2.6 dBFS
[Parsed_ebur128_0 @ 0x7ff5c6208080] t: 19.699979  TARGET:-23 LUFS    M: -15.9 S: -15.4     I: -15.5 LUFS       LRA:   0.8 LU  FTPK:  -6.0  -6.1 dBFS  TPK:  -2.6  -2.6 dBFS
[Parsed_ebur128_0 @ 0x7ff5c6208080] t: 19.799979  TARGET:-23 LUFS    M: -16.3 S: -15.4     I: -15.5 LUFS       LRA:   0.8 LU  FTPK:  -9.6  -9.6 dBFS  TPK:  -2.6  -2.6 dBFS
[Parsed_ebur128_0 @ 0x7ff5c6208080] t: 19.899979  TARGET:-23 LUFS    M: -16.3 S: -15.4     I: -15.5 LUFS       LRA:   0.8 LU  FTPK: -18.6 -19.2 dBFS  TPK:  -2.6  -2.6 dBFS
[Parsed_ebur128_0 @ 0x7ff5c6208080] t: 19.999979  TARGET:-23 LUFS    M: -16.0 S: -15.5     I: -15.5 LUFS       LRA:   0.8 LU  FTPK:  -6.9  -7.0 dBFS  TPK:  -2.6  -2.6 dBFS
[Parsed_ebur128_0 @ 0x7ff5c6208080] t: 20.099979  TARGET:-23 LUFS    M: -17.6 S: -15.5     I: -15.5 LUFS       LRA:   0.8 LU  FTPK:  -8.4  -8.4 dBFS  TPK:  -2.6  -2.6 dBFS
[Parsed_ebur128_0 @ 0x7ff5c6208080] t: 20.199979  TARGET:-23 LUFS    M: -17.9 S: -15.5     I: -15.5 LUFS       LRA:   0.8 LU  FTPK: -17.9 -19.3 dBFS  TPK:  -2.6  -2.6 dBFS
[Parsed_ebur128_0 @ 0x7ff5c6208080] t: 20.299979  TARGET:-23 LUFS    M: -15.6 S: -15.4     I: -15.5 LUFS       LRA:   0.8 LU  FTPK:  -3.6  -3.6 dBFS  TPK:  -2.6  -2.6 dBFS
[Parsed_ebur128_0 @ 0x7ff5c6208080] t: 20.399979  TARGET:-23 LUFS    M: -14.8 S: -15.4     I: -15.5 LUFS       LRA:   0.8 LU  FTPK:  -4.8  -5.2 dBFS  TPK:  -2.6  -2.6 dBFS
[Parsed_ebur128_0 @ 0x7ff5c6208080] t: 20.499979  TARGET:-23 LUFS    M: -14.9 S: -15.4     I: -15.5 LUFS       LRA:   0.8 LU  FTPK:  -8.3  -8.3 dBFS  TPK:  -2.6  -2.6 dBFS
[Parsed_ebur128_0 @ 0x7ff5c6208080] t: 20.599979  TARGET:-23 LUFS    M: -14.8 S: -15.4     I: -15.5 LUFS       LRA:   0.8 LU  FTPK: -17.2 -17.2 dBFS  TPK:  -2.6  -2.6 dBFS
[Parsed_ebur128_0 @ 0x7ff5c6208080] t: 20.699979  TARGET:-23 LUFS    M: -15.6 S: -15.6     I: -15.5 LUFS       LRA:   0.8 LU  FTPK:  -6.2  -6.1 dBFS  TPK:  -2.6  -2.6 dBFS
[Parsed_ebur128_0 @ 0x7ff5c6208080] t: 20.799979  TARGET:-23 LUFS    M: -17.1 S: -15.5     I: -15.5 LUFS       LRA:   0.8 LU  FTPK:  -6.2  -6.2 dBFS  TPK:  -2.6  -2.6 dBFS
[Parsed_ebur128_0 @ 0x7ff5c6208080] t: 20.899979  TARGET:-23 LUFS    M: -17.5 S: -15.6     I: -15.5 LUFS       LRA:   0.8 LU  FTPK:  -4.9  -4.8 dBFS  TPK:  -2.6  -2.6 dBFS
[Parsed_ebur128_0 @ 0x7ff5c6208080] t: 20.999979  TARGET:-23 LUFS    M: -16.0 S: -15.4     I: -15.5 LUFS       LRA:   0.8 LU  FTPK:  -5.3  -5.4 dBFS  TPK:  -2.6  -2.6 dBFS
[Parsed_ebur128_0 @ 0x7ff5c6208080] t: 21.099979  TARGET:-23 LUFS    M: -16.6 S: -15.6     I: -15.5 LUFS       LRA:   0.8 LU  FTPK: -12.7 -12.7 dBFS  TPK:  -2.6  -2.6 dBFS
[Parsed_ebur128_0 @ 0x7ff5c6208080] t: 21.199979  TARGET:-23 LUFS    M: -15.5 S: -15.6     I: -15.5 LUFS       LRA:   0.8 LU  FTPK:  -5.5  -5.3 dBFS  TPK:  -2.6  -2.6 dBFS
[Parsed_ebur128_0 @ 0x7ff5c6208080] t: 21.299979  TARGET:-23 LUFS    M: -14.6 S: -15.6     I: -15.5 LUFS       LRA:   0.8 LU  FTPK:  -6.3  -6.7 dBFS  TPK:  -2.6  -2.6 dBFS
[Parsed_ebur128_0 @ 0x7ff5c6208080] t: 21.399979  TARGET:-23 LUFS    M: -14.3 S: -15.4     I: -15.5 LUFS       LRA:   0.8 LU  FTPK:  -6.6  -6.6 dBFS  TPK:  -2.6  -2.6 dBFS
[Parsed_ebur128_0 @ 0x7ff5c6208080] t: 21.499979  TARGET:-23 LUFS    M: -14.2 S: -15.4     I: -15.5 LUFS       LRA:   0.8 LU  FTPK:  -9.0  -9.1 dBFS  TPK:  -2.6  -2.6 dBFS
[Parsed_ebur128_0 @ 0x7ff5c6208080] t: 21.599979  TARGET:-23 LUFS    M: -14.6 S: -15.5     I: -15.5 LUFS       LRA:   0.8 LU  FTPK:  -5.9  -6.0 dBFS  TPK:  -2.6  -2.6 dBFS
[Parsed_ebur128_0 @ 0x7ff5c6208080] t: 21.699979  TARGET:-23 LUFS    M: -15.3 S: -15.6     I: -15.5 LUFS       LRA:   0.8 LU  FTPK:  -8.6  -8.6 dBFS  TPK:  -2.6  -2.6 dBFS
[Parsed_ebur128_0 @ 0x7ff5c6208080] t: 21.799979  TARGET:-23 LUFS    M: -16.3 S: -15.6     I: -15.5 LUFS       LRA:   0.8 LU  FTPK:  -5.1  -5.1 dBFS  TPK:  -2.6  -2.6 dBFS
[Parsed_ebur128_0 @ 0x7ff5c6208080] t: 21.899979  TARGET:-23 LUFS    M: -16.5 S: -15.7     I: -15.5 LUFS       LRA:   0.8 LU  FTPK:  -6.9  -6.9 dBFS  TPK:  -2.6  -2.6 dBFS
[Parsed_ebur128_0 @ 0x7ff5c6208080] t: 21.999979  TARGET:-23 LUFS    M: -16.4 S: -15.6     I: -15.5 LUFS       LRA:   0.8 LU  FTPK:  -6.4  -6.6 dBFS  TPK:  -2.6  -2.6 dBFS
[Parsed_ebur128_0 @ 0x7ff5c6208080] t: 22.099979  TARGET:-23 LUFS    M: -16.3 S: -15.7     I: -15.5 LUFS       LRA:   0.8 LU  FTPK:  -5.8  -5.8 dBFS  TPK:  -2.6  -2.6 dBFS
[Parsed_ebur128_0 @ 0x7ff5c6208080] t: 22.199979  TARGET:-23 LUFS    M: -15.9 S: -15.8     I: -15.5 LUFS       LRA:   0.8 LU  FTPK:  -2.1  -2.2 dBFS  TPK:  -2.1  -2.2 dBFS
[Parsed_ebur128_0 @ 0x7ff5c6208080] t: 22.299979  TARGET:-23 LUFS    M: -16.1 S: -16.0     I: -15.5 LUFS       LRA:   0.8 LU  FTPK:  -8.2  -8.1 dBFS  TPK:  -2.1  -2.2 dBFS
[Parsed_ebur128_0 @ 0x7ff5c6208080] t: 22.399979  TARGET:-23 LUFS    M: -16.5 S: -15.9     I: -15.5 LUFS       LRA:   0.8 LU  FTPK:  -7.5  -7.5 dBFS  TPK:  -2.1  -2.2 dBFS
[Parsed_ebur128_0 @ 0x7ff5c6208080] t: 22.499979  TARGET:-23 LUFS    M: -16.8 S: -15.8     I: -15.5 LUFS       LRA:   0.8 LU  FTPK:  -8.6  -8.8 dBFS  TPK:  -2.1  -2.2 dBFS
[Parsed_ebur128_0 @ 0x7ff5c6208080] t: 22.599979  TARGET:-23 LUFS    M: -17.8 S: -15.8     I: -15.5 LUFS       LRA:   0.8 LU  FTPK:  -9.6 -10.1 dBFS  TPK:  -2.1  -2.2 dBFS
[Parsed_ebur128_0 @ 0x7ff5c6208080] t: 22.699979  TARGET:-23 LUFS    M: -18.1 S: -16.2     I: -15.6 LUFS       LRA:   0.8 LU  FTPK: -16.6 -16.4 dBFS  TPK:  -2.1  -2.2 dBFS
[Parsed_ebur128_0 @ 0x7ff5c6208080] t: 22.799979  TARGET:-23 LUFS    M: -19.1 S: -16.2     I: -15.6 LUFS       LRA:   0.8 LU  FTPK: -11.9 -12.1 dBFS  TPK:  -2.1  -2.2 dBFS
[Parsed_ebur128_0 @ 0x7ff5c6208080] t: 22.899979  TARGET:-23 LUFS    M: -21.4 S: -16.2     I: -15.6 LUFS       LRA:   0.8 LU  FTPK: -11.1 -12.8 dBFS  TPK:  -2.1  -2.2 dBFS
[Parsed_ebur128_0 @ 0x7ff5c6208080] t: 22.999979  TARGET:-23 LUFS    M: -21.8 S: -16.3     I: -15.6 LUFS       LRA:   0.8 LU  FTPK: -11.2 -10.8 dBFS  TPK:  -2.1  -2.2 dBFS
[Parsed_ebur128_0 @ 0x7ff5c6208080] t: 23.099979  TARGET:-23 LUFS    M: -17.6 S: -16.2     I: -15.6 LUFS       LRA:   0.8 LU  FTPK:  -5.0  -5.2 dBFS  TPK:  -2.1  -2.2 dBFS
[Parsed_ebur128_0 @ 0x7ff5c6208080] t: 23.199979  TARGET:-23 LUFS    M: -15.3 S: -15.9     I: -15.6 LUFS       LRA:   0.8 LU  FTPK:  -7.3  -7.6 dBFS  TPK:  -2.1  -2.2 dBFS
[Parsed_ebur128_0 @ 0x7ff5c6208080] t: 23.299979  TARGET:-23 LUFS    M: -14.0 S: -15.9     I: -15.6 LUFS       LRA:   0.8 LU  FTPK:  -7.6  -7.7 dBFS  TPK:  -2.1  -2.2 dBFS
[Parsed_ebur128_0 @ 0x7ff5c6208080] t: 23.399979  TARGET:-23 LUFS    M: -13.3 S: -16.0     I: -15.6 LUFS       LRA:   0.8 LU  FTPK:  -5.5  -5.6 dBFS  TPK:  -2.1  -2.2 dBFS
[Parsed_ebur128_0 @ 0x7ff5c6208080] t: 23.499979  TARGET:-23 LUFS    M: -14.4 S: -16.1     I: -15.6 LUFS       LRA:   0.9 LU  FTPK: -13.8 -13.9 dBFS  TPK:  -2.1  -2.2 dBFS
[Parsed_ebur128_0 @ 0x7ff5c6208080] t: 23.599979  TARGET:-23 LUFS    M: -16.3 S: -16.1     I: -15.6 LUFS       LRA:   0.9 LU  FTPK: -15.8 -17.0 dBFS  TPK:  -2.1  -2.2 dBFS
[Parsed_ebur128_0 @ 0x7ff5c6208080] t: 23.699979  TARGET:-23 LUFS    M: -19.0 S: -16.2     I: -15.6 LUFS       LRA:   0.9 LU  FTPK: -13.5 -15.7 dBFS  TPK:  -2.1  -2.2 dBFS
[Parsed_ebur128_0 @ 0x7ff5c6208080] t: 23.799979  TARGET:-23 LUFS    M: -22.3 S: -16.3     I: -15.6 LUFS       LRA:   0.9 LU  FTPK: -12.5 -12.7 dBFS  TPK:  -2.1  -2.2 dBFS
[Parsed_ebur128_0 @ 0x7ff5c6208080] t: 23.899979  TARGET:-23 LUFS    M: -17.9 S: -16.1     I: -15.6 LUFS       LRA:   0.9 LU  FTPK:  -2.4  -2.4 dBFS  TPK:  -2.1  -2.2 dBFS
[Parsed_ebur128_0 @ 0x7ff5c6208080] t: 23.999979  TARGET:-23 LUFS    M: -17.0 S: -16.2     I: -15.6 LUFS       LRA:   0.9 LU  FTPK:  -7.3  -7.5 dBFS  TPK:  -2.1  -2.2 dBFS
[Parsed_ebur128_0 @ 0x7ff5c6208080] t: 24.099979  TARGET:-23 LUFS    M: -14.8 S: -16.0     I: -15.6 LUFS       LRA:   0.9 LU  FTPK:  -6.5  -6.5 dBFS  TPK:  -2.1  -2.2 dBFS
[Parsed_ebur128_0 @ 0x7ff5c6208080] t: 24.199979  TARGET:-23 LUFS    M: -14.7 S: -16.1     I: -15.6 LUFS       LRA:   0.9 LU  FTPK:  -7.9  -7.9 dBFS  TPK:  -2.1  -2.2 dBFS
[Parsed_ebur128_0 @ 0x7ff5c6208080] t: 24.299979  TARGET:-23 LUFS    M: -14.8 S: -16.2     I: -15.6 LUFS       LRA:   0.9 LU  FTPK:  -5.9  -5.9 dBFS  TPK:  -2.1  -2.2 dBFS
[Parsed_ebur128_0 @ 0x7ff5c6208080] t: 24.399979  TARGET:-23 LUFS    M: -14.2 S: -16.2     I: -15.6 LUFS       LRA:   0.9 LU  FTPK:  -6.3  -6.4 dBFS  TPK:  -2.1  -2.2 dBFS
[Parsed_ebur128_0 @ 0x7ff5c6208080] t: 24.499979  TARGET:-23 LUFS    M: -15.3 S: -16.2     I: -15.6 LUFS       LRA:   0.9 LU  FTPK:  -8.0  -8.0 dBFS  TPK:  -2.1  -2.2 dBFS
[Parsed_ebur128_0 @ 0x7ff5c6208080] t: 24.599979  TARGET:-23 LUFS    M: -14.4 S: -16.1     I: -15.6 LUFS       LRA:   0.9 LU  FTPK:  -4.2  -4.2 dBFS  TPK:  -2.1  -2.2 dBFS
[Parsed_ebur128_0 @ 0x7ff5c6208080] t: 24.699979  TARGET:-23 LUFS    M: -15.4 S: -16.2     I: -15.6 LUFS       LRA:   0.9 LU  FTPK:  -6.9  -7.1 dBFS  TPK:  -2.1  -2.2 dBFS
[Parsed_ebur128_0 @ 0x7ff5c6208080] t: 24.799979  TARGET:-23 LUFS    M: -17.0 S: -16.3     I: -15.6 LUFS       LRA:   1.0 LU  FTPK: -17.3 -17.9 dBFS  TPK:  -2.1  -2.2 dBFS
[Parsed_ebur128_0 @ 0x7ff5c6208080] t: 24.899979  TARGET:-23 LUFS    M: -18.5 S: -16.4     I: -15.6 LUFS       LRA:   1.0 LU  FTPK: -14.7 -14.4 dBFS  TPK:  -2.1  -2.2 dBFS
[Parsed_ebur128_0 @ 0x7ff5c6208080] t: 24.999979  TARGET:-23 LUFS    M: -22.7 S: -16.5     I: -15.6 LUFS       LRA:   1.0 LU  FTPK: -14.8 -16.0 dBFS  TPK:  -2.1  -2.2 dBFS
[Parsed_ebur128_0 @ 0x7ff5c6208080] t: 25.099979  TARGET:-23 LUFS    M: -23.7 S: -16.7     I: -15.6 LUFS       LRA:   1.0 LU  FTPK: -12.1 -12.8 dBFS  TPK:  -2.1  -2.2 dBFS
[Parsed_ebur128_0 @ 0x7ff5c6208080] t: 25.199979  TARGET:-23 LUFS    M: -19.1 S: -16.6     I: -15.6 LUFS       LRA:   1.0 LU  FTPK:  -5.0  -5.2 dBFS  TPK:  -2.1  -2.2 dBFS
[Parsed_ebur128_0 @ 0x7ff5c6208080] t: 25.299979  TARGET:-23 LUFS    M: -17.4 S: -16.5     I: -15.6 LUFS       LRA:   1.0 LU  FTPK:  -5.1  -5.2 dBFS  TPK:  -2.1  -2.2 dBFS
[Parsed_ebur128_0 @ 0x7ff5c6208080] t: 25.399979  TARGET:-23 LUFS    M: -15.0 S: -16.3     I: -15.6 LUFS       LRA:   1.0 LU  FTPK:  -4.9  -4.9 dBFS  TPK:  -2.1  -2.2 dBFS
[Parsed_ebur128_0 @ 0x7ff5c6208080] t: 25.499979  TARGET:-23 LUFS    M: -14.6 S: -16.3     I: -15.6 LUFS       LRA:   1.1 LU  FTPK:  -7.4  -7.4 dBFS  TPK:  -2.1  -2.2 dBFS
[Parsed_ebur128_0 @ 0x7ff5c6208080] t: 25.599979  TARGET:-23 LUFS    M: -14.9 S: -16.2     I: -15.6 LUFS       LRA:   1.1 LU  FTPK:  -5.9  -5.9 dBFS  TPK:  -2.1  -2.2 dBFS
[Parsed_ebur128_0 @ 0x7ff5c6208080] t: 25.699979  TARGET:-23 LUFS    M: -14.0 S: -15.9     I: -15.6 LUFS       LRA:   1.1 LU  FTPK:  -6.9  -6.9 dBFS  TPK:  -2.1  -2.2 dBFS
[Parsed_ebur128_0 @ 0x7ff5c6208080] t: 25.799979  TARGET:-23 LUFS    M: -15.8 S: -16.0     I: -15.6 LUFS       LRA:   1.1 LU  FTPK: -16.4 -16.5 dBFS  TPK:  -2.1  -2.2 dBFS
[Parsed_ebur128_0 @ 0x7ff5c6208080] t: 25.899979  TARGET:-23 LUFS    M: -16.1 S: -15.9     I: -15.6 LUFS       LRA:   1.1 LU  FTPK:  -4.1  -4.1 dBFS  TPK:  -2.1  -2.2 dBFS
[Parsed_ebur128_0 @ 0x7ff5c6208080] t: 25.999979  TARGET:-23 LUFS    M: -16.2 S: -15.8     I: -15.6 LUFS       LRA:   1.1 LU  FTPK:  -5.1  -5.2 dBFS  TPK:  -2.1  -2.2 dBFS
[Parsed_ebur128_0 @ 0x7ff5c6208080] t: 26.099979  TARGET:-23 LUFS    M: -18.2 S: -16.0     I: -15.6 LUFS       LRA:   1.1 LU  FTPK:  -7.5  -7.8 dBFS  TPK:  -2.1  -2.2 dBFS
[Parsed_ebur128_0 @ 0x7ff5c6208080] t: 26.199979  TARGET:-23 LUFS    M: -16.0 S: -16.1     I: -15.6 LUFS       LRA:   1.1 LU  FTPK:  -6.3  -6.3 dBFS  TPK:  -2.1  -2.2 dBFS
[Parsed_ebur128_0 @ 0x7ff5c6208080] t: 26.299979  TARGET:-23 LUFS    M: -14.9 S: -16.1     I: -15.6 LUFS       LRA:   1.1 LU  FTPK:  -5.8  -5.8 dBFS  TPK:  -2.1  -2.2 dBFS
[Parsed_ebur128_0 @ 0x7ff5c6208080] t: 26.399979  TARGET:-23 LUFS    M: -14.7 S: -16.1     I: -15.6 LUFS       LRA:   1.1 LU  FTPK:  -6.5  -6.5 dBFS  TPK:  -2.1  -2.2 dBFS
[Parsed_ebur128_0 @ 0x7ff5c6208080] t: 26.499979  TARGET:-23 LUFS    M: -14.0 S: -15.9     I: -15.6 LUFS       LRA:   1.1 LU  FTPK:  -3.8  -3.8 dBFS  TPK:  -2.1  -2.2 dBFS
[Parsed_ebur128_0 @ 0x7ff5c6208080] t: 26.599979  TARGET:-23 LUFS    M: -14.1 S: -15.7     I: -15.6 LUFS       LRA:   1.1 LU  FTPK:  -8.3  -8.3 dBFS  TPK:  -2.1  -2.2 dBFS
[Parsed_ebur128_0 @ 0x7ff5c6208080] t: 26.699979  TARGET:-23 LUFS    M: -14.1 S: -15.5     I: -15.6 LUFS       LRA:   1.1 LU  FTPK:  -4.8  -4.9 dBFS  TPK:  -2.1  -2.2 dBFS
[Parsed_ebur128_0 @ 0x7ff5c6208080] t: 26.799979  TARGET:-23 LUFS    M: -14.0 S: -15.4     I: -15.6 LUFS       LRA:   1.1 LU  FTPK:  -8.5  -8.4 dBFS  TPK:  -2.1  -2.2 dBFS
[Parsed_ebur128_0 @ 0x7ff5c6208080] t: 26.899979  TARGET:-23 LUFS    M: -14.7 S: -15.5     I: -15.6 LUFS       LRA:   1.1 LU  FTPK: -10.8 -10.8 dBFS  TPK:  -2.1  -2.2 dBFS
[Parsed_ebur128_0 @ 0x7ff5c6208080] t: 26.999979  TARGET:-23 LUFS    M: -16.1 S: -15.6     I: -15.6 LUFS       LRA:   1.1 LU  FTPK: -12.6 -12.7 dBFS  TPK:  -2.1  -2.2 dBFS
[Parsed_ebur128_0 @ 0x7ff5c6208080] t: 27.099979  TARGET:-23 LUFS    M: -18.3 S: -15.9     I: -15.6 LUFS       LRA:   1.1 LU  FTPK: -14.8 -15.3 dBFS  TPK:  -2.1  -2.2 dBFS
[Parsed_ebur128_0 @ 0x7ff5c6208080] t: 27.199979  TARGET:-23 LUFS    M: -20.4 S: -15.9     I: -15.6 LUFS       LRA:   1.1 LU  FTPK: -11.3 -11.9 dBFS  TPK:  -2.1  -2.2 dBFS
[Parsed_ebur128_0 @ 0x7ff5c6208080] t: 27.299979  TARGET:-23 LUFS    M: -20.7 S: -16.1     I: -15.6 LUFS       LRA:   1.1 LU  FTPK:  -9.1 -10.5 dBFS  TPK:  -2.1  -2.2 dBFS
[Parsed_ebur128_0 @ 0x7ff5c6208080] t: 27.399979  TARGET:-23 LUFS    M: -19.8 S: -16.2     I: -15.6 LUFS       LRA:   1.1 LU  FTPK: -10.5 -11.5 dBFS  TPK:  -2.1  -2.2 dBFS
[Parsed_ebur128_0 @ 0x7ff5c6208080] t: 27.499979  TARGET:-23 LUFS    M: -18.8 S: -16.3     I: -15.7 LUFS       LRA:   1.1 LU  FTPK: -10.6 -11.5 dBFS  TPK:  -2.1  -2.2 dBFS
[Parsed_ebur128_0 @ 0x7ff5c6208080] t: 27.599979  TARGET:-23 LUFS    M: -17.4 S: -16.4     I: -15.7 LUFS       LRA:   1.1 LU  FTPK:  -5.9  -6.9 dBFS  TPK:  -2.1  -2.2 dBFS
[Parsed_ebur128_0 @ 0x7ff5c6208080] t: 27.699979  TARGET:-23 LUFS    M: -17.4 S: -16.3     I: -15.7 LUFS       LRA:   1.1 LU  FTPK:  -6.4  -7.9 dBFS  TPK:  -2.1  -2.2 dBFS
[Parsed_ebur128_0 @ 0x7ff5c6208080] t: 27.799979  TARGET:-23 LUFS    M: -17.3 S: -16.3     I: -15.7 LUFS       LRA:   1.1 LU  FTPK:  -9.5 -11.2 dBFS  TPK:  -2.1  -2.2 dBFS
[Parsed_ebur128_0 @ 0x7ff5c6208080] t: 27.899979  TARGET:-23 LUFS    M: -17.0 S: -16.2     I: -15.7 LUFS       LRA:   1.1 LU  FTPK:  -7.6  -8.4 dBFS  TPK:  -2.1  -2.2 dBFS
[Parsed_ebur128_0 @ 0x7ff5c6208080] t: 27.999979  TARGET:-23 LUFS    M: -17.1 S: -16.0     I: -15.7 LUFS       LRA:   1.1 LU  FTPK:  -6.3  -7.4 dBFS  TPK:  -2.1  -2.2 dBFS
[Parsed_ebur128_0 @ 0x7ff5c6208080] t: 28.099979  TARGET:-23 LUFS    M: -15.9 S: -15.8     I: -15.7 LUFS       LRA:   1.1 LU  FTPK:  -2.4  -2.7 dBFS  TPK:  -2.1  -2.2 dBFS
[Parsed_ebur128_0 @ 0x7ff5c6208080] t: 28.199979  TARGET:-23 LUFS    M: -15.4 S: -15.9     I: -15.7 LUFS       LRA:   1.1 LU  FTPK:  -6.3  -6.6 dBFS  TPK:  -2.1  -2.2 dBFS
[Parsed_ebur128_0 @ 0x7ff5c6208080] t: 28.299979  TARGET:-23 LUFS    M: -15.1 S: -15.9     I: -15.7 LUFS       LRA:   1.1 LU  FTPK:  -7.4  -7.6 dBFS  TPK:  -2.1  -2.2 dBFS
[Parsed_ebur128_0 @ 0x7ff5c6208080] t: 28.399979  TARGET:-23 LUFS    M: -14.7 S: -16.0     I: -15.7 LUFS       LRA:   1.1 LU  FTPK:  -3.1  -4.1 dBFS  TPK:  -2.1  -2.2 dBFS
[Parsed_ebur128_0 @ 0x7ff5c6208080] t: 28.499979  TARGET:-23 LUFS    M: -14.8 S: -15.9     I: -15.7 LUFS       LRA:   1.1 LU  FTPK:  -6.4  -7.7 dBFS  TPK:  -2.1  -2.2 dBFS
[Parsed_ebur128_0 @ 0x7ff5c6208080] t: 28.599979  TARGET:-23 LUFS    M: -14.3 S: -15.8     I: -15.7 LUFS       LRA:   1.1 LU  FTPK:  -3.1  -3.3 dBFS  TPK:  -2.1  -2.2 dBFS
[Parsed_ebur128_0 @ 0x7ff5c6208080] t: 28.699979  TARGET:-23 LUFS    M: -13.6 S: -15.8     I: -15.7 LUFS       LRA:   1.1 LU  FTPK:  -3.0  -3.3 dBFS  TPK:  -2.1  -2.2 dBFS
[Parsed_ebur128_0 @ 0x7ff5c6208080] t: 28.799979  TARGET:-23 LUFS    M: -13.6 S: -15.6     I: -15.6 LUFS       LRA:   1.1 LU  FTPK:  -2.9  -4.2 dBFS  TPK:  -2.1  -2.2 dBFS
[Parsed_ebur128_0 @ 0x7ff5c6208080] t: 28.899979  TARGET:-23 LUFS    M: -13.6 S: -15.5     I: -15.6 LUFS       LRA:   1.1 LU  FTPK:  -2.8  -3.5 dBFS  TPK:  -2.1  -2.2 dBFS
[Parsed_ebur128_0 @ 0x7ff5c6208080] t: 28.999979  TARGET:-23 LUFS    M: -13.7 S: -15.4     I: -15.6 LUFS       LRA:   1.1 LU  FTPK:  -5.4  -5.9 dBFS  TPK:  -2.1  -2.2 dBFS
[Parsed_ebur128_0 @ 0x7ff5c6208080] t: 29.099979  TARGET:-23 LUFS    M: -13.7 S: -15.2     I: -15.6 LUFS       LRA:   1.1 LU  FTPK:  -5.0  -7.0 dBFS  TPK:  -2.1  -2.2 dBFS
[Parsed_ebur128_0 @ 0x7ff5c6208080] t: 29.199979  TARGET:-23 LUFS    M: -12.5 S: -15.0     I: -15.6 LUFS       LRA:   1.1 LU  FTPK:  -2.1  -2.2 dBFS  TPK:  -2.1  -2.2 dBFS
[Parsed_ebur128_0 @ 0x7ff5c6208080] t: 29.299979  TARGET:-23 LUFS    M: -12.5 S: -15.0     I: -15.6 LUFS       LRA:   1.1 LU  FTPK:  -2.7  -3.1 dBFS  TPK:  -2.1  -2.2 dBFS
[Parsed_ebur128_0 @ 0x7ff5c6208080] t: 29.399979  TARGET:-23 LUFS    M: -12.3 S: -14.9     I: -15.6 LUFS       LRA:   1.1 LU  FTPK:  -5.4  -6.2 dBFS  TPK:  -2.1  -2.2 dBFS
[Parsed_ebur128_0 @ 0x7ff5c6208080] t: 29.499979  TARGET:-23 LUFS    M: -12.4 S: -14.9     I: -15.6 LUFS       LRA:   1.1 LU  FTPK:  -3.3  -5.2 dBFS  TPK:  -2.1  -2.2 dBFS
[Parsed_ebur128_0 @ 0x7ff5c6208080] t: 29.599979  TARGET:-23 LUFS    M: -13.2 S: -14.8     I: -15.5 LUFS       LRA:   1.1 LU  FTPK:  -3.8  -4.5 dBFS  TPK:  -2.1  -2.2 dBFS
[Parsed_ebur128_0 @ 0x7ff5c6208080] t: 29.699979  TARGET:-23 LUFS    M: -12.3 S: -14.6     I: -15.5 LUFS       LRA:   1.1 LU  FTPK:  -2.0  -2.3 dBFS  TPK:  -2.0  -2.2 dBFS
[Parsed_ebur128_0 @ 0x7ff5c6208080] t: 29.799979  TARGET:-23 LUFS    M: -12.5 S: -14.6     I: -15.5 LUFS       LRA:   1.2 LU  FTPK:  -5.6  -6.4 dBFS  TPK:  -2.0  -2.2 dBFS
[Parsed_ebur128_0 @ 0x7ff5c6208080] t: 29.899979  TARGET:-23 LUFS    M: -13.2 S: -14.7     I: -15.5 LUFS       LRA:   1.2 LU  FTPK: -10.0 -12.1 dBFS  TPK:  -2.0  -2.2 dBFS
[Parsed_ebur128_0 @ 0x7ff5c6208080] t: 29.999979  TARGET:-23 LUFS    M: -14.6 S: -14.7     I: -15.5 LUFS       LRA:   1.2 LU  FTPK: -15.5 -16.6 dBFS  TPK:  -2.0  -2.2 dBFS
[Parsed_ebur128_0 @ 0x7ff5c6208080] Summary:

  Integrated loudness:
    I:         -15.5 LUFS
    Threshold: -25.5 LUFS

  Loudness range:
    LRA:         1.2 LU
    Threshold: -35.6 LUFS
    LRA low:   -16.2 LUFS
    LRA high:  -15.0 LUFS

  True peak:
    Peak:       -2.0 dBFS
[out#0/null @ 0x7ff5c6027500] video:0KiB audio:5632KiB subtitle:0KiB other streams:0KiB global headers:0KiB muxing overhead: unknown
size=N/A time=00:00:30.03 bitrate=N/A speed= 246x
